F:\work\JARVIS-Project\jarvis-backend\venv\Lib\site-packages\pygame\pkgdata.py:25: UserWarning: pkg_resources is deprecated as an API. See https://setuptools.pypa.io/en/latest/pkg_resources.html. The pkg_resources package is slated for removal as early as 2025-11-30. Refrain from using this package or pin to Setuptools<81.
  from pkg_resources import resource_stream, resource_exists
WARNING:tensorflow:From F:\work\JARVIS-Project\jarvis-backend\venv\Lib\site-packages\tf_keras\src\losses.py:2976: The name tf.losses.sparse_softmax_cross_entropy is deprecated. Please use tf.compat.v1.losses.sparse_softmax_cross_entropy instead.

INFO:     Started server process [12108]
INFO:     Waiting for application startup.
INFO:     Application startup complete.
INFO:     Uvicorn running on http://127.0.0.1:8000 (Press CTRL+C to quit)
INFO: Created TensorFlow Lite XNNPACK delegate for CPU.
W0000 00:00:1788079698.954038   28964 inference_feedback_manager.cc:121] Feedback manager requires a model with a single signature inference. Disabling support for feedback tensors.
W0000 00:00:1788079698.997812   28964 inference_feedback_manager.cc:121] Feedback manager requires a model with a single signature inference. Disabling support for feedback tensors.
W0000 00:00:1788079699.275806   27944 landmark_projection_calculator.cc:81] Using NORM_RECT without IMAGE_DIMENSIONS is only supported for the square ROI. Provide IMAGE_DIMENSIONS or use PROJECTION_MATRIX.
INFO:     127.0.0.1:58249 - "WebSocket /ws" [accepted]
INFO:     connection open
INFO:     127.0.0.1:59780 - "WebSocket /ws" [accepted]
INFO:     connection open
E0000 00:00:1788079819.156522   14824 portable_clearcut_uploader.cc:90] Failed to send to clearcut: FAILED_PRECONDITION: Not valid for uploading until: 2026-08-30T09:04:19.156154148+00:00
=== Source Location Trace: ===
wireless/android/play/playlog/cplusplus/portable_clearcut_uploader.cc:180
E0000 00:00:1788079879.953041   14824 portable_clearcut_uploader.cc:90] Failed to send to clearcut: FAILED_PRECONDITION: Not valid for uploading until: 2026-08-30T09:04:19.156154148+00:00
=== Source Location Trace: ===
wireless/android/play/playlog/cplusplus/portable_clearcut_uploader.cc:180
E0000 00:00:1788079940.754604   14824 portable_clearcut_uploader.cc:90] Failed to send to clearcut: FAILED_PRECONDITION: Not valid for uploading until: 2026-08-30T09:04:19.156154148+00:00
=== Source Location Trace: ===
wireless/android/play/playlog/cplusplus/portable_clearcut_uploader.cc:180
E0000 00:00:1788080001.555269   14824 portable_clearcut_uploader.cc:90] Failed to send to clearcut: FAILED_PRECONDITION: Not valid for uploading until: 2026-08-30T09:04:19.156154148+00:00
=== Source Location Trace: ===
wireless/android/play/playlog/cplusplus/portable_clearcut_uploader.cc:180
E0000 00:00:1788080062.345909   14824 portable_clearcut_uploader.cc:90] Failed to send to clearcut: FAILED_PRECONDITION: Not valid for uploading until: 2026-08-30T09:04:19.156154148+00:00
=== Source Location Trace: ===
wireless/android/play/playlog/cplusplus/portable_clearcut_uploader.cc:180
E0000 00:00:1788080123.166593   14824 portable_clearcut_uploader.cc:90] Failed to send to clearcut: FAILED_PRECONDITION: Not valid for uploading until: 2026-08-30T09:04:19.156154148+00:00
=== Source Location Trace: ===
wireless/android/play/playlog/cplusplus/portable_clearcut_uploader.cc:180
E0000 00:00:1788080183.968358   14824 portable_clearcut_uploader.cc:90] Failed to send to clearcut: FAILED_PRECONDITION: Not valid for uploading until: 2026-08-30T09:04:19.156154148+00:00
=== Source Location Trace: ===
wireless/android/play/playlog/cplusplus/portable_clearcut_uploader.cc:180
E0000 00:00:1788080244.770237   14824 portable_clearcut_uploader.cc:90] Failed to send to clearcut: FAILED_PRECONDITION: Not valid for uploading until: 2026-08-30T09:04:19.156154148+00:00
=== Source Location Trace: ===
wireless/android/play/playlog/cplusplus/portable_clearcut_uploader.cc:180
E0000 00:00:1788080305.559437   14824 portable_clearcut_uploader.cc:90] Failed to send to clearcut: FAILED_PRECONDITION: Not valid for uploading until: 2026-08-30T09:04:19.156154148+00:00
=== Source Location Trace: ===
wireless/android/play/playlog/cplusplus/portable_clearcut_uploader.cc:180
E0000 00:00:1788080366.371370   14824 portable_clearcut_uploader.cc:90] Failed to send to clearcut: FAILED_PRECONDITION: Not valid for uploading until: 2026-08-30T09:04:19.156154148+00:00
=== Source Location Trace: ===
wireless/android/play/playlog/cplusplus/portable_clearcut_uploader.cc:180
E0000 00:00:1788080427.171231   14824 portable_clearcut_uploader.cc:90] Failed to send to clearcut: FAILED_PRECONDITION: Not valid for uploading until: 2026-08-30T09:04:19.156154148+00:00
=== Source Location Trace: ===
wireless/android/play/playlog/cplusplus/portable_clearcut_uploader.cc:180
E0000 00:00:1788080487.972726   14824 portable_clearcut_uploader.cc:90] Failed to send to clearcut: FAILED_PRECONDITION: Not valid for uploading until: 2026-08-30T09:04:19.156154148+00:00
=== Source Location Trace: ===
wireless/android/play/playlog/cplusplus/portable_clearcut_uploader.cc:180
E0000 00:00:1788080548.783600   14824 portable_clearcut_uploader.cc:90] Failed to send to clearcut: FAILED_PRECONDITION: Not valid for uploading until: 2026-08-30T09:04:19.156154148+00:00
=== Source Location Trace: ===
wireless/android/play/playlog/cplusplus/portable_clearcut_uploader.cc:180
E0000 00:00:1788080609.595262   14824 portable_clearcut_uploader.cc:90] Failed to send to clearcut: FAILED_PRECONDITION: Not valid for uploading until: 2026-08-30T09:04:19.156154148+00:00
=== Source Location Trace: ===
wireless/android/play/playlog/cplusplus/portable_clearcut_uploader.cc:180
E0000 00:00:1788080730.903675   14824 portable_clearcut_uploader.cc:90] Failed to send to clearcut: FAILED_PRECONDITION: Not valid for uploading until: 2026-08-30T09:19:30.904257665+00:00
=== Source Location Trace: ===
wireless/android/play/playlog/cplusplus/portable_clearcut_uploader.cc:180
E0000 00:00:1788080790.904709   14824 portable_clearcut_uploader.cc:90] Failed to send to clearcut: FAILED_PRECONDITION: Not valid for uploading until: 2026-08-30T09:19:30.904257665+00:00
=== Source Location Trace: ===
wireless/android/play/playlog/cplusplus/portable_clearcut_uploader.cc:180
E0000 00:00:1788080851.698933   14824 portable_clearcut_uploader.cc:90] Failed to send to clearcut: FAILED_PRECONDITION: Not valid for uploading until: 2026-08-30T09:19:30.904257665+00:00
=== Source Location Trace: ===
wireless/android/play/playlog/cplusplus/portable_clearcut_uploader.cc:180
E0000 00:00:1788080911.699213   14824 portable_clearcut_uploader.cc:90] Failed to send to clearcut: FAILED_PRECONDITION: Not valid for uploading until: 2026-08-30T09:19:30.904257665+00:00
=== Source Location Trace: ===
wireless/android/play/playlog/cplusplus/portable_clearcut_uploader.cc:180
E0000 00:00:1788080972.478172   14824 portable_clearcut_uploader.cc:90] Failed to send to clearcut: FAILED_PRECONDITION: Not valid for uploading until: 2026-08-30T09:19:30.904257665+00:00
=== Source Location Trace: ===
wireless/android/play/playlog/cplusplus/portable_clearcut_uploader.cc:180
WARNING: All log messages before absl::InitializeLog() is called are written to STDERR
I0000 00:00:1788081013.785382   13104 cpu_feature_guard.cc:227] This TensorFlow binary is optimized to use available CPU instructions in performance-critical operations.
To enable the following instructions: SSE3 SSE4.1 SSE4.2 AVX AVX2 FMA, in other operations, rebuild TensorFlow with the appropriate compiler flags.
E0000 00:00:1788081033.289546   14824 portable_clearcut_uploader.cc:90] Failed to send to clearcut: FAILED_PRECONDITION: Not valid for uploading until: 2026-08-30T09:19:30.904257665+00:00
=== Source Location Trace: ===
wireless/android/play/playlog/cplusplus/portable_clearcut_uploader.cc:180
E0000 00:00:1788081093.290128   14824 portable_clearcut_uploader.cc:90] Failed to send to clearcut: FAILED_PRECONDITION: Not valid for uploading until: 2026-08-30T09:19:30.904257665+00:00
=== Source Location Trace: ===
wireless/android/play/playlog/cplusplus/portable_clearcut_uploader.cc:180
E0000 00:00:1788081154.091192   14824 portable_clearcut_uploader.cc:90] Failed to send to clearcut: FAILED_PRECONDITION: Not valid for uploading until: 2026-08-30T09:19:30.904257665+00:00
=== Source Location Trace: ===
wireless/android/play/playlog/cplusplus/portable_clearcut_uploader.cc:180
E0000 00:00:1788081214.892772   14824 portable_clearcut_uploader.cc:90] Failed to send to clearcut: FAILED_PRECONDITION: Not valid for uploading until: 2026-08-30T09:19:30.904257665+00:00
=== Source Location Trace: ===
wireless/android/play/playlog/cplusplus/portable_clearcut_uploader.cc:180
E0000 00:00:1788081275.702127   14824 portable_clearcut_uploader.cc:90] Failed to send to clearcut: FAILED_PRECONDITION: Not valid for uploading until: 2026-08-30T09:19:30.904257665+00:00
=== Source Location Trace: ===
wireless/android/play/playlog/cplusplus/portable_clearcut_uploader.cc:180
E0000 00:00:1788081336.503747   14824 portable_clearcut_uploader.cc:90] Failed to send to clearcut: FAILED_PRECONDITION: Not valid for uploading until: 2026-08-30T09:19:30.904257665+00:00
=== Source Location Trace: ===
wireless/android/play/playlog/cplusplus/portable_clearcut_uploader.cc:180
E0000 00:00:1788081397.304970   14824 portable_clearcut_uploader.cc:90] Failed to send to clearcut: FAILED_PRECONDITION: Not valid for uploading until: 2026-08-30T09:19:30.904257665+00:00
=== Source Location Trace: ===
wireless/android/play/playlog/cplusplus/portable_clearcut_uploader.cc:180
Warning: You are sending unauthenticated requests to the HF Hub. Please set a HF_TOKEN to enable higher rate limits and faster downloads.
Loading weights:   0%|          | 0/103 [00:00<?, ?it/s]Loading weights: 100%|██████████| 103/103 [00:00<00:00, 7670.01it/s]
E0000 00:00:1788081458.116437   14824 portable_clearcut_uploader.cc:90] Failed to send to clearcut: FAILED_PRECONDITION: Not valid for uploading until: 2026-08-30T09:19:30.904257665+00:00
=== Source Location Trace: ===
wireless/android/play/playlog/cplusplus/portable_clearcut_uploader.cc:180
E0000 00:00:1788081518.116537   14824 portable_clearcut_uploader.cc:90] Failed to send to clearcut: FAILED_PRECONDITION: Not valid for uploading until: 2026-08-30T09:19:30.904257665+00:00
=== Source Location Trace: ===
wireless/android/play/playlog/cplusplus/portable_clearcut_uploader.cc:180
INFO:     connection closed
INFO:     connection closed
